// Jest Snapshot v1, https://goo.gl/fbAQLP

exports[`Welcome component should render Welcome component 1`] = `
<div
  className="welcome"
>
  <h1>
    Welcome to my App!
  </h1>
  <h3>
    Good to see you here
  </h3>
</div>
`;
